0 verbose cli C:\Program Files\nodejs\node.exe C:\Users\meghn\AppData\Roaming\npm\node_modules\npm\bin\npm-cli.js
1 info using npm@11.0.0
2 info using node@v22.13.1
3 silly config load:file:C:\Users\meghn\AppData\Roaming\npm\node_modules\npm\npmrc
4 silly config load:file:C:\Users\meghn\Desktop\TeamTaskManager\backend\.npmrc
5 silly config load:file:C:\Users\meghn\.npmrc
6 silly config load:file:C:\Users\meghn\AppData\Roaming\npm\etc\npmrc
7 verbose title npm install mongodb
8 verbose argv "install" "mongodb"
9 verbose logfile logs-max:10 dir:C:\Users\meghn\Desktop\TeamTaskManager\backend\%LOCALAPPDATA%\npm-cache\_logs\2026-05-25T11_40_00_238Z-
10 verbose logfile C:\Users\meghn\Desktop\TeamTaskManager\backend\%LOCALAPPDATA%\npm-cache\_logs\2026-05-25T11_40_00_238Z-debug-0.log
11 silly logfile start cleaning logs, removing 1 files
12 silly packumentCache heap:2197815296 maxSize:549453824 maxEntrySize:274726912
13 silly logfile done cleaning log files
14 silly idealTree buildDeps
15 silly fetch manifest mongodb@*
16 silly packumentCache full:https://registry.npmjs.org/mongodb cache-miss
17 http fetch GET 200 https://registry.npmjs.org/mongodb 686ms (cache revalidated)
18 silly packumentCache full:https://registry.npmjs.org/mongodb set size:4283421 disposed:false
19 silly fetch manifest @aws-sdk/credential-providers@^3.806.0
20 silly packumentCache full:https://registry.npmjs.org/@aws-sdk%2fcredential-providers cache-miss
21 http fetch GET 200 https://registry.npmjs.org/@aws-sdk%2fcredential-providers 394ms (cache updated)
22 silly packumentCache full:https://registry.npmjs.org/@aws-sdk%2fcredential-providers set size:undefined disposed:false
23 silly fetch manifest @mongodb-js/zstd@^7.0.0
24 silly packumentCache full:https://registry.npmjs.org/@mongodb-js%2fzstd cache-miss
25 http fetch GET 200 https://registry.npmjs.org/@mongodb-js%2fzstd 137ms (cache updated)
26 silly packumentCache full:https://registry.npmjs.org/@mongodb-js%2fzstd set size:undefined disposed:false
27 silly fetch manifest gcp-metadata@^7.0.1
28 silly packumentCache full:https://registry.npmjs.org/gcp-metadata cache-miss
29 http fetch GET 200 https://registry.npmjs.org/gcp-metadata 110ms (cache revalidated)
30 silly packumentCache full:https://registry.npmjs.org/gcp-metadata set size:191448 disposed:false
31 silly fetch manifest kerberos@^7.0.0
32 silly packumentCache full:https://registry.npmjs.org/kerberos cache-miss
33 http fetch GET 200 https://registry.npmjs.org/kerberos 148ms (cache revalidated)
34 silly packumentCache full:https://registry.npmjs.org/kerberos set size:117537 disposed:false
35 silly fetch manifest mongodb-client-encryption@>=7.0.0 <7.1.0
36 silly packumentCache full:https://registry.npmjs.org/mongodb-client-encryption cache-miss
37 http fetch GET 200 https://registry.npmjs.org/mongodb-client-encryption 107ms (cache revalidated)
38 silly packumentCache full:https://registry.npmjs.org/mongodb-client-encryption set size:262386 disposed:false
39 silly fetch manifest snappy@^7.3.2
40 silly packumentCache full:https://registry.npmjs.org/snappy cache-miss
41 http fetch GET 200 https://registry.npmjs.org/snappy 116ms (cache revalidated)
42 silly packumentCache full:https://registry.npmjs.org/snappy set size:185121 disposed:false
43 silly fetch manifest socks@^2.8.6
44 silly packumentCache full:https://registry.npmjs.org/socks cache-miss
45 http fetch GET 200 https://registry.npmjs.org/socks 124ms (cache revalidated)
46 silly packumentCache full:https://registry.npmjs.org/socks set size:173143 disposed:false
47 silly placeDep ROOT mongodb@7.2.0 REPLACE for: backend@1.0.0 want: *
48 silly reify moves {}
49 silly audit bulk request {
49 silly audit   '@mongodb-js/saslprep': [ '1.4.11' ],
49 silly audit   '@types/webidl-conversions': [ '7.0.3' ],
49 silly audit   '@types/whatwg-url': [ '13.0.0' ],
49 silly audit   accepts: [ '2.0.0' ],
49 silly audit   anymatch: [ '3.1.3' ],
49 silly audit   'balanced-match': [ '4.0.4' ],
49 silly audit   'basic-auth': [ '2.0.1' ],
49 silly audit   'safe-buffer': [ '5.1.2', '5.2.1' ],
49 silly audit   bcryptjs: [ '3.0.3' ],
49 silly audit   'binary-extensions': [ '2.3.0' ],
49 silly audit   'body-parser': [ '2.2.2' ],
49 silly audit   'brace-expansion': [ '5.0.6' ],
49 silly audit   braces: [ '3.0.3' ],
49 silly audit   bson: [ '7.2.0' ],
49 silly audit   'buffer-equal-constant-time': [ '1.0.1' ],
49 silly audit   bytes: [ '3.1.2' ],
49 silly audit   'call-bind-apply-helpers': [ '1.0.2' ],
49 silly audit   'call-bound': [ '1.0.4' ],
49 silly audit   chokidar: [ '3.6.0' ],
49 silly audit   'content-disposition': [ '1.1.0' ],
49 silly audit   'content-type': [ '1.0.5', '2.0.0' ],
49 silly audit   cookie: [ '0.7.2' ],
49 silly audit   'cookie-signature': [ '1.2.2' ],
49 silly audit   cors: [ '2.8.6' ],
49 silly audit   debug: [ '4.4.3', '2.6.9' ],
49 silly audit   depd: [ '2.0.0' ],
49 silly audit   dotenv: [ '17.4.2' ],
49 silly audit   'dunder-proto': [ '1.0.1' ],
49 silly audit   'ecdsa-sig-formatter': [ '1.0.11' ],
49 silly audit   'ee-first': [ '1.1.1' ],
49 silly audit   encodeurl: [ '2.0.0' ],
49 silly audit   'es-define-property': [ '1.0.1' ],
49 silly audit   'es-errors': [ '1.3.0' ],
49 silly audit   'es-object-atoms': [ '1.1.1' ],
49 silly audit   'escape-html': [ '1.0.3' ],
49 silly audit   etag: [ '1.8.1' ],
49 silly audit   express: [ '5.2.1' ],
49 silly audit   'fill-range': [ '7.1.1' ],
49 silly audit   finalhandler: [ '2.1.1' ],
49 silly audit   forwarded: [ '0.2.0' ],
49 silly audit   fresh: [ '2.0.0' ],
49 silly audit   fsevents: [ '2.3.3' ],
49 silly audit   'function-bind': [ '1.1.2' ],
49 silly audit   'get-intrinsic': [ '1.3.0' ],
49 silly audit   'get-proto': [ '1.0.1' ],
49 silly audit   'glob-parent': [ '5.1.2' ],
49 silly audit   gopd: [ '1.2.0' ],
49 silly audit   'has-flag': [ '3.0.0' ],
49 silly audit   'has-symbols': [ '1.1.0' ],
49 silly audit   hasown: [ '2.0.3' ],
49 silly audit   helmet: [ '8.1.0' ],
49 silly audit   'http-errors': [ '2.0.1' ],
49 silly audit   'iconv-lite': [ '0.7.2' ],
49 silly audit   'ignore-by-default': [ '1.0.1' ],
49 silly audit   inherits: [ '2.0.4' ],
49 silly audit   'ipaddr.js': [ '1.9.1' ],
49 silly audit   'is-binary-path': [ '2.1.0' ],
49 silly audit   'is-extglob': [ '2.1.1' ],
49 silly audit   'is-glob': [ '4.0.3' ],
49 silly audit   'is-number': [ '7.0.0' ],
49 silly audit   'is-promise': [ '4.0.0' ],
49 silly audit   jsonwebtoken: [ '9.0.3' ],
49 silly audit   jwa: [ '2.0.1' ],
49 silly audit   jws: [ '4.0.1' ],
49 silly audit   kareem: [ '3.3.0' ],
49 silly audit   'lodash.includes': [ '4.3.0' ],
49 silly audit   'lodash.isboolean': [ '3.0.3' ],
49 silly audit   'lodash.isinteger': [ '4.0.4' ],
49 silly audit   'lodash.isnumber': [ '3.0.3' ],
49 silly audit   'lodash.isplainobject': [ '4.0.6' ],
49 silly audit   'lodash.isstring': [ '4.0.1' ],
49 silly audit   'lodash.once': [ '4.1.1' ],
49 silly audit   'math-intrinsics': [ '1.1.0' ],
49 silly audit   'media-typer': [ '1.1.0' ],
49 silly audit   'memory-pager': [ '1.5.0' ],
49 silly audit   'merge-descriptors': [ '2.0.0' ],
49 silly audit   'mime-db': [ '1.54.0' ],
49 silly audit   'mime-types': [ '3.0.2' ],
49 silly audit   minimatch: [ '10.2.5' ],
49 silly audit   'mongodb-connection-string-url': [ '7.0.1' ],
49 silly audit   mongoose: [ '9.6.2' ],
49 silly audit   morgan: [ '1.10.1' ],
49 silly audit   ms: [ '2.0.0', '2.1.3' ],
49 silly audit   'on-finished': [ '2.3.0', '2.4.1' ],
49 silly audit   mpath: [ '0.9.0' ],
49 silly audit   mquery: [ '6.0.0' ],
49 silly audit   negotiator: [ '1.0.0' ],
49 silly audit   nodemon: [ '3.1.14' ],
49 silly audit   'normalize-path': [ '3.0.0' ],
49 silly audit   'object-assign': [ '4.1.1' ],
49 silly audit   'object-inspect': [ '1.13.4' ],
49 silly audit   'on-headers': [ '1.1.0' ],
49 silly audit   once: [ '1.4.0' ],
49 silly audit   parseurl: [ '1.3.3' ],
49 silly audit   'path-to-regexp': [ '8.4.2' ],
49 silly audit   picomatch: [ '2.3.2' ],
49 silly audit   'proxy-addr': [ '2.0.7' ],
49 silly audit   'pstree.remy': [ '1.1.8' ],
49 silly audit   punycode: [ '2.3.1' ],
49 silly audit   qs: [ '6.15.2' ],
49 silly audit   'range-parser': [ '1.2.1' ],
49 silly audit   'raw-body': [ '3.0.2' ],
49 silly audit   readdirp: [ '3.6.0' ],
49 silly audit   router: [ '2.2.0' ],
49 silly audit   'safer-buffer': [ '2.1.2' ],
49 silly audit   semver: [ '7.8.0' ],
49 silly audit   send: [ '1.2.1' ],
49 silly audit   'serve-static': [ '2.2.1' ],
49 silly audit   setprototypeof: [ '1.2.0' ],
49 silly audit   'side-channel': [ '1.1.0' ],
49 silly audit   'side-channel-list': [ '1.0.1' ],
49 silly audit   'side-channel-map': [ '1.0.1' ],
49 silly audit   'side-channel-weakmap': [ '1.0.2' ],
49 silly audit   sift: [ '17.1.3' ],
49 silly audit   'simple-update-notifier': [ '2.0.0' ],
49 silly audit   'sparse-bitfield': [ '3.0.3' ],
49 silly audit   statuses: [ '2.0.2' ],
49 silly audit   'supports-color': [ '5.5.0' ],
49 silly audit   'to-regex-range': [ '5.0.1' ],
49 silly audit   toidentifier: [ '1.0.1' ],
49 silly audit   touch: [ '3.1.1' ],
49 silly audit   tr46: [ '5.1.1' ],
49 silly audit   'type-is': [ '2.1.0' ],
49 silly audit   undefsafe: [ '2.0.5' ],
49 silly audit   unpipe: [ '1.0.0' ],
49 silly audit   vary: [ '1.1.2' ],
49 silly audit   'webidl-conversions': [ '7.0.0' ],
49 silly audit   'whatwg-url': [ '14.2.0' ],
49 silly audit   wrappy: [ '1.0.2' ],
49 silly audit   mongodb: [ '7.2.0' ]
49 silly audit }
50 verbose reify failed optional dependency C:\Users\meghn\Desktop\TeamTaskManager\backend\node_modules\fsevents
51 silly reify mark deleted [
51 silly reify   'C:\\Users\\meghn\\Desktop\\TeamTaskManager\\backend\\node_modules\\fsevents'
51 silly reify ]
52 http fetch POST 200 https://registry.npmjs.org/-/npm/v1/security/advisories/bulk 317ms
53 silly audit report {}
54 silly ADD
55 verbose cwd C:\Users\meghn\Desktop\TeamTaskManager\backend
56 verbose os Windows_NT 10.0.26200
57 verbose node v22.13.1
58 verbose npm  v11.0.0
59 verbose exit 0
60 info ok
